test_saved_models_and_splits (test_project.ProjectChecks.test_saved_models_and_splits) ... /opt/codex/runtimes/codex-primary-runtime/dependencies/python/lib/python3.12/site-packages/sklearn/preprocessing/_encoders.py:261: UserWarning: Found unknown categories in columns [0] during transform. These unknown categories will be encoded as all zeros
  warnings.warn(msg, UserWarning)
/opt/codex/runtimes/codex-primary-runtime/dependencies/python/lib/python3.12/site-packages/sklearn/preprocessing/_encoders.py:261: UserWarning: Found unknown categories in columns [0] during transform. These unknown categories will be encoded as all zeros
  warnings.warn(msg, UserWarning)
/opt/codex/runtimes/codex-primary-runtime/dependencies/python/lib/python3.12/site-packages/sklearn/preprocessing/_encoders.py:261: UserWarning: Found unknown categories in columns [0] during transform. These unknown categories will be encoded as all zeros
  warnings.warn(msg, UserWarning)
ok

----------------------------------------------------------------------
Ran 1 test in 1.727s

OK
